07:02:36.983 [main] INFO  testlayer.DittoHomeTest - Successfully clicked on ExtraBenefits
07:02:37.212 [main] INFO  testlayer.DittoHomeTest - Successfully clicked on ContinueButton
07:02:37.924 [main] INFO  testlayer.DittoHomeTest - Successfully clicked on female member type
07:02:38.095 [main] INFO  testlayer.DittoHomeTest - Successfully clicked on Nextstep
07:02:38.897 [main] INFO  testlayer.DittoHomeTest - Successfully Entered on Age
07:02:39.054 [main] INFO  testlayer.DittoHomeTest - Successfully Entered on pincode
07:02:39.238 [main] INFO  testlayer.DittoHomeTest - Successfully clicked on radiobtn
07:02:39.410 [main] INFO  testlayer.DittoHomeTest - Successfully clicked on premium
07:16:15.567 [main] INFO  testlayer.DittoHomeTest - Successfully clicked on HDFCERGO OptimaSecure
07:16:16.942 [main] INFO  testlayer.DittoHomeTest - Successfully clicked on MainBenefits
07:16:17.686 [main] INFO  testlayer.DittoHomeTest - Successfully clicked on FullList
07:16:17.918 [main] INFO  testlayer.DittoHomeTest - Successfully clicked on closed
07:16:18.243 [main] INFO  testlayer.DittoHomeTest - Successfully clicked on WhatsNotCovered
07:16:18.464 [main] INFO  testlayer.DittoHomeTest - Successfully clicked on ExtraBenefits
07:16:18.694 [main] INFO  testlayer.DittoHomeTest - Successfully clicked on ContinueButton
07:16:19.390 [main] INFO  testlayer.DittoHomeTest - Successfully clicked on female member type
07:16:19.535 [main] INFO  testlayer.DittoHomeTest - Successfully clicked on Nextstep
07:16:20.349 [main] INFO  testlayer.DittoHomeTest - Successfully Entered on Age
07:16:20.500 [main] INFO  testlayer.DittoHomeTest - Successfully Entered on pincode
07:16:20.679 [main] INFO  testlayer.DittoHomeTest - Successfully clicked on radiobtn
07:16:20.859 [main] INFO  testlayer.DittoHomeTest - Successfully clicked on premium
07:17:54.760 [main] INFO  testlayer.DittoHomeTest - Successfully clicked on HDFCERGO OptimaSecure
07:17:56.345 [main] INFO  testlayer.DittoHomeTest - Successfully clicked on MainBenefits
07:17:56.653 [main] INFO  testlayer.DittoHomeTest - Successfully clicked on FullList
07:17:57.324 [main] INFO  testlayer.DittoHomeTest - Successfully clicked on closed
07:17:57.632 [main] INFO  testlayer.DittoHomeTest - Successfully clicked on WhatsNotCovered
07:17:57.839 [main] INFO  testlayer.DittoHomeTest - Successfully clicked on ExtraBenefits
07:17:58.044 [main] INFO  testlayer.DittoHomeTest - Successfully clicked on ContinueButton
07:17:58.741 [main] INFO  testlayer.DittoHomeTest - Successfully clicked on female member type
07:17:58.888 [main] INFO  testlayer.DittoHomeTest - Successfully clicked on Nextstep
07:17:59.737 [main] INFO  testlayer.DittoHomeTest - Successfully Entered on Age
07:17:59.947 [main] INFO  testlayer.DittoHomeTest - Successfully Entered on pincode
07:18:00.117 [main] INFO  testlayer.DittoHomeTest - Successfully clicked on radiobtn
07:18:00.307 [main] INFO  testlayer.DittoHomeTest - Successfully clicked on premium
07:18:33.361 [main] INFO  testlayer.DittoHomeTest - Successfully clicked on HDFCERGO OptimaSecure
07:18:35.806 [main] INFO  testlayer.DittoHomeTest - Successfully clicked on MainBenefits
07:18:36.714 [main] INFO  testlayer.DittoHomeTest - Successfully clicked on FullList
07:18:37.062 [main] INFO  testlayer.DittoHomeTest - Successfully clicked on closed
07:18:37.605 [main] INFO  testlayer.DittoHomeTest - Successfully clicked on WhatsNotCovered
07:18:37.963 [main] INFO  testlayer.DittoHomeTest - Successfully clicked on ExtraBenefits
07:18:38.275 [main] INFO  testlayer.DittoHomeTest - Successfully clicked on ContinueButton
07:18:39.033 [main] INFO  testlayer.DittoHomeTest - Successfully clicked on female member type
07:18:39.249 [main] INFO  testlayer.DittoHomeTest - Successfully clicked on Nextstep
07:18:40.785 [main] INFO  testlayer.DittoHomeTest - Successfully Entered on Age
07:18:41.113 [main] INFO  testlayer.DittoHomeTest - Successfully Entered on pincode
07:18:41.334 [main] INFO  testlayer.DittoHomeTest - Successfully clicked on radiobtn
07:18:41.643 [main] INFO  testlayer.DittoHomeTest - Successfully clicked on premium
07:33:52.424 [main] INFO  testlayer.DittoHomeTest - Successfully clicked on HDFCERGO OptimaSecure
07:33:54.297 [main] INFO  testlayer.DittoHomeTest - Successfully clicked on MainBenefits
07:33:54.595 [main] INFO  testlayer.DittoHomeTest - Successfully clicked on FullList
07:33:54.908 [main] INFO  testlayer.DittoHomeTest - Successfully clicked on closed
07:33:55.243 [main] INFO  testlayer.DittoHomeTest - Successfully clicked on WhatsNotCovered
07:33:55.441 [main] INFO  testlayer.DittoHomeTest - Successfully clicked on ExtraBenefits
07:33:55.656 [main] INFO  testlayer.DittoHomeTest - Successfully clicked on ContinueButton
07:33:56.372 [main] INFO  testlayer.DittoHomeTest - Successfully clicked on female member type
07:33:56.557 [main] INFO  testlayer.DittoHomeTest - Successfully clicked on Nextstep
07:33:57.408 [main] INFO  testlayer.DittoHomeTest - Successfully Entered on Age
